
Copyright (C) 1994-2020 Synopsys, Inc.
This Synopsys software and all associated documentation are proprietary to Synopsys, Inc.
and may only be used pursuant to the terms and conditions of a written license agreement
with Synopsys, Inc. All other use, reproduction, modification, or distribution of the
Synopsys software or the associated documentation is strictly prohibited.
Tool: Synplify Pro (R)
Build: Q-2020.03L-SP1
Install: C:\lscc\diamond\3.12\synpbase
OS: Windows 6.2

Hostname: DESKTOP-VTJO39V

Implementation : adder8bit0
Synopsys HDL compiler and linker, Version comp202003synp2, Build 182R, Built Oct 29 2020 10:49:53, @

Modified Files: 1
FID:  path (prevtimestamp, timestamp)
0        C:\Users\migue\OneDrive\Documentos\ADC\04-3CM12-projectdiamon-1erParcial\adder8bit00\adder8bit00.vhdl (2022-03-02 13:28:30, 2022-03-02 15:52:24)

*******************************************************************
Modules that may have changed as a result of file changes: 7
MID:  lib.cell.view
0        work.adder8bit00.adder8bit0 may have changed because the following files changed:
                        C:\Users\migue\OneDrive\Documentos\ADC\04-3CM12-projectdiamon-1erParcial\adder8bit00\adder8bit00.vhdl (2022-03-02 13:28:30, 2022-03-02 15:52:24) <-- (architecture and entity definition)
2        work.and00.and0 may have changed because the following files changed:
                        C:\Users\migue\OneDrive\Documentos\ADC\04-3CM12-projectdiamon-1erParcial\adder8bit00\adder8bit00.vhdl (2022-03-02 13:28:30, 2022-03-02 15:52:24) <-- (may instantiate this module)
4        work.fa00.fa0 may have changed because the following files changed:
                        C:\Users\migue\OneDrive\Documentos\ADC\04-3CM12-projectdiamon-1erParcial\adder8bit00\adder8bit00.vhdl (2022-03-02 13:28:30, 2022-03-02 15:52:24) <-- (may instantiate this module)
6        work.ha00.ha0 may have changed because the following files changed:
                        C:\Users\migue\OneDrive\Documentos\ADC\04-3CM12-projectdiamon-1erParcial\adder8bit00\adder8bit00.vhdl (2022-03-02 13:28:30, 2022-03-02 15:52:24) <-- (may instantiate this module)
8        work.or00.or0 may have changed because the following files changed:
                        C:\Users\migue\OneDrive\Documentos\ADC\04-3CM12-projectdiamon-1erParcial\adder8bit00\adder8bit00.vhdl (2022-03-02 13:28:30, 2022-03-02 15:52:24) <-- (may instantiate this module)
11       work.xnor00.xnor0 may have changed because the following files changed:
                        C:\Users\migue\OneDrive\Documentos\ADC\04-3CM12-projectdiamon-1erParcial\adder8bit00\adder8bit00.vhdl (2022-03-02 13:28:30, 2022-03-02 15:52:24) <-- (may instantiate this module)
13       work.xor00.xor0 may have changed because the following files changed:
                        C:\Users\migue\OneDrive\Documentos\ADC\04-3CM12-projectdiamon-1erParcial\adder8bit00\adder8bit00.vhdl (2022-03-02 13:28:30, 2022-03-02 15:52:24) <-- (may instantiate this module)

*******************************************************************
Unmodified files: 20
FID:  path (timestamp)
1        C:\Users\migue\OneDrive\Documentos\ADC\04-3CM12-projectdiamon-1erParcial\adder8bit00\and00.vhdl (2022-03-02 12:30:32)
2        C:\Users\migue\OneDrive\Documentos\ADC\04-3CM12-projectdiamon-1erParcial\adder8bit00\fa00.vhdl (2022-03-02 12:52:30)
3        C:\Users\migue\OneDrive\Documentos\ADC\04-3CM12-projectdiamon-1erParcial\adder8bit00\ha00.vhdl (2022-03-02 12:39:47)
4        C:\Users\migue\OneDrive\Documentos\ADC\04-3CM12-projectdiamon-1erParcial\adder8bit00\or00.vhdl (2022-03-02 12:42:35)
5        C:\Users\migue\OneDrive\Documentos\ADC\04-3CM12-projectdiamon-1erParcial\adder8bit00\packageadder8bit00.vhdl (2022-03-02 13:01:00)
6        C:\Users\migue\OneDrive\Documentos\ADC\04-3CM12-projectdiamon-1erParcial\adder8bit00\packagefa00.vhdl (2022-03-02 12:45:17)
7        C:\Users\migue\OneDrive\Documentos\ADC\04-3CM12-projectdiamon-1erParcial\adder8bit00\packageha00.vhdl (2022-03-02 12:40:16)
8        C:\Users\migue\OneDrive\Documentos\ADC\04-3CM12-projectdiamon-1erParcial\adder8bit00\xnor00.vhdl (2022-03-02 12:56:20)
9        C:\Users\migue\OneDrive\Documentos\ADC\04-3CM12-projectdiamon-1erParcial\adder8bit00\xor00.vhdl (2022-03-02 12:28:16)
10       C:\lscc\diamond\3.12\cae_library\synthesis\vhdl\machxo2.vhd (2018-11-15 00:32:12)
11       C:\lscc\diamond\3.12\synpbase\lib\cpld\lattice.vhd (2020-10-29 10:20:44)
12       C:\lscc\diamond\3.12\synpbase\lib\vhd\arith.vhd (2020-10-29 10:23:10)
13       C:\lscc\diamond\3.12\synpbase\lib\vhd\hyperents.vhd (2020-10-29 10:23:10)
14       C:\lscc\diamond\3.12\synpbase\lib\vhd\location.map (2020-11-02 17:26:20)
15       C:\lscc\diamond\3.12\synpbase\lib\vhd\numeric.vhd (2020-10-29 10:23:10)
16       C:\lscc\diamond\3.12\synpbase\lib\vhd\snps_haps_pkg.vhd (2020-10-29 10:23:10)
17       C:\lscc\diamond\3.12\synpbase\lib\vhd\std.vhd (2020-10-29 10:23:10)
18       C:\lscc\diamond\3.12\synpbase\lib\vhd\std1164.vhd (2020-10-29 10:23:10)
19       C:\lscc\diamond\3.12\synpbase\lib\vhd\umr_capim.vhd (2020-10-29 10:23:10)
20       C:\lscc\diamond\3.12\synpbase\lib\vhd\unsigned.vhd (2020-10-29 10:23:10)

*******************************************************************
Unchanged modules: 0
MID:  lib.cell.view
