
Loading design for application trce from file and00_and0.ncd.
Design name: and00
NCD version: 3.3
Vendor:      LATTICE
Device:      LCMXO2-7000HE
Package:     TQFP144
Performance: 5
Loading device for application trce from file 'xo2c7000.nph' in environment: C:/lscc/diamond/3.12/ispfpga.
Package Status:                     Final          Version 1.39.
Performance Hardware Data Status:   Final          Version 34.4.
Setup and Hold Report

--------------------------------------------------------------------------------
Lattice TRACE Report - Setup, Version Diamond (64-bit) 3.12.0.240.2
Mon Feb 28 13:34:07 2022

Copyright (c) 1991-1994 by NeoCAD Inc. All rights reserved.
Copyright (c) 1995 AT&T Corp.   All rights reserved.
Copyright (c) 1995-2001 Lucent Technologies Inc.  All rights reserved.
Copyright (c) 2001 Agere Systems   All rights reserved.
Copyright (c) 2002-2020 Lattice Semiconductor Corporation,  All rights reserved.

Report Information
------------------
Command line:    trce -v 10 -gt -sethld -sp 5 -sphld m -o and00_and0.twr -gui -msgset C:/Users/migue/OneDrive/Documentos/ADC/04-3CM12-projectdiamon-1erParcial/and00/promote.xml and00_and0.ncd and00_and0.prf 
Design file:     and00_and0.ncd
Preference file: and00_and0.prf
Device,speed:    LCMXO2-7000HE,5
Report level:    verbose report, limited to 10 items per preference
--------------------------------------------------------------------------------

BLOCK ASYNCPATHS
BLOCK RESETPATHS
--------------------------------------------------------------------------------



================================================================================
Preference: Default path enumeration
            16 items scored, 0 timing errors detected.
--------------------------------------------------------------------------------

Report:   12.063ns delay Aa[2] to Ya[2]

   Name    Fanout   Delay (ns)          Site               Resource
PADI_DEL    ---     1.372         40.PAD to       40.PADDI Aa[2]
ROUTE         1     2.384       40.PADDI to     R25C16A.D0 Aa_c[2]
CTOF_DEL    ---     0.452     R25C16A.D0 to     R25C16A.F0 SLICE_3
ROUTE         1     4.407     R25C16A.F0 to      109.PADDO Ya_c[2]
DOPAD_DEL   ---     3.448      109.PADDO to        109.PAD Ya[2]
                  --------
                   12.063   (43.7% logic, 56.3% route), 3 logic levels.

Report:   12.025ns delay Aa[4] to Ya[4]

   Name    Fanout   Delay (ns)          Site               Resource
PADI_DEL    ---     1.372         42.PAD to       42.PADDI Aa[4]
ROUTE         1     2.346       42.PADDI to     R25C18B.B0 Aa_c[4]
CTOF_DEL    ---     0.452     R25C18B.B0 to     R25C18B.F0 SLICE_5
ROUTE         1     4.407     R25C18B.F0 to      111.PADDO Ya_c[4]
DOPAD_DEL   ---     3.448      111.PADDO to        111.PAD Ya[4]
                  --------
                   12.025   (43.8% logic, 56.2% route), 3 logic levels.

Report:   11.950ns delay Aa[3] to Ya[3]

   Name    Fanout   Delay (ns)          Site               Resource
PADI_DEL    ---     1.372         41.PAD to       41.PADDI Aa[3]
ROUTE         1     2.621       41.PADDI to     R25C16D.A0 Aa_c[3]
CTOF_DEL    ---     0.452     R25C16D.A0 to     R25C16D.F0 SLICE_4
ROUTE         1     4.057     R25C16D.F0 to      110.PADDO Ya_c[3]
DOPAD_DEL   ---     3.448      110.PADDO to        110.PAD Ya[3]
                  --------
                   11.950   (44.1% logic, 55.9% route), 3 logic levels.

Report:   11.879ns delay Aa[5] to Ya[5]

   Name    Fanout   Delay (ns)          Site               Resource
PADI_DEL    ---     1.372         43.PAD to       43.PADDI Aa[5]
ROUTE         1     2.550       43.PADDI to     R25C18D.B0 Aa_c[5]
CTOF_DEL    ---     0.452     R25C18D.B0 to     R25C18D.F0 SLICE_6
ROUTE         1     4.057     R25C18D.F0 to      112.PADDO Ya_c[5]
DOPAD_DEL   ---     3.448      112.PADDO to        112.PAD Ya[5]
                  --------
                   11.879   (44.4% logic, 55.6% route), 3 logic levels.

Report:   11.621ns delay Aa[6] to Ya[6]

   Name    Fanout   Delay (ns)          Site               Resource
PADI_DEL    ---     1.372         44.PAD to       44.PADDI Aa[6]
ROUTE         1     2.384       44.PADDI to     R25C23A.D0 Aa_c[6]
CTOF_DEL    ---     0.452     R25C23A.D0 to     R25C23A.F0 SLICE_7
ROUTE         1     3.965     R25C23A.F0 to      113.PADDO Ya_c[6]
DOPAD_DEL   ---     3.448      113.PADDO to        113.PAD Ya[6]
                  --------
                   11.621   (45.4% logic, 54.6% route), 3 logic levels.

Report:   11.274ns delay Aa[7] to Ya[7]

   Name    Fanout   Delay (ns)          Site               Resource
PADI_DEL    ---     1.372         45.PAD to       45.PADDI Aa[7]
ROUTE         1     2.387       45.PADDI to     R25C23C.C0 Aa_c[7]
CTOF_DEL    ---     0.452     R25C23C.C0 to     R25C23C.F0 SLICE_0
ROUTE         1     3.615     R25C23C.F0 to      114.PADDO Ya_c[7]
DOPAD_DEL   ---     3.448      114.PADDO to        114.PAD Ya[7]
                  --------
                   11.274   (46.8% logic, 53.2% route), 3 logic levels.

Report:   11.079ns delay Ba[2] to Ya[2]

   Name    Fanout   Delay (ns)          Site               Resource
PADI_DEL    ---     1.372         49.PAD to       49.PADDI Ba[2]
ROUTE         1     1.400       49.PADDI to     R25C16A.A0 Ba_c[2]
CTOF_DEL    ---     0.452     R25C16A.A0 to     R25C16A.F0 SLICE_3
ROUTE         1     4.407     R25C16A.F0 to      109.PADDO Ya_c[2]
DOPAD_DEL   ---     3.448      109.PADDO to        109.PAD Ya[2]
                  --------
                   11.079   (47.6% logic, 52.4% route), 3 logic levels.

Report:   10.884ns delay Ba[4] to Ya[4]

   Name    Fanout   Delay (ns)          Site               Resource
PADI_DEL    ---     1.372         52.PAD to       52.PADDI Ba[4]
ROUTE         1     1.205       52.PADDI to     R25C18B.C0 Ba_c[4]
CTOF_DEL    ---     0.452     R25C18B.C0 to     R25C18B.F0 SLICE_5
ROUTE         1     4.407     R25C18B.F0 to      111.PADDO Ya_c[4]
DOPAD_DEL   ---     3.448      111.PADDO to        111.PAD Ya[4]
                  --------
                   10.884   (48.4% logic, 51.6% route), 3 logic levels.

Report:   10.760ns delay Ba[3] to Ya[3]

   Name    Fanout   Delay (ns)          Site               Resource
PADI_DEL    ---     1.372         50.PAD to       50.PADDI Ba[3]
ROUTE         1     1.431       50.PADDI to     R25C16D.B0 Ba_c[3]
CTOF_DEL    ---     0.452     R25C16D.B0 to     R25C16D.F0 SLICE_4
ROUTE         1     4.057     R25C16D.F0 to      110.PADDO Ya_c[3]
DOPAD_DEL   ---     3.448      110.PADDO to        110.PAD Ya[3]
                  --------
                   10.760   (49.0% logic, 51.0% route), 3 logic levels.

Report:   10.637ns delay Ba[6] to Ya[6]

   Name    Fanout   Delay (ns)          Site               Resource
PADI_DEL    ---     1.372         55.PAD to       55.PADDI Ba[6]
ROUTE         1     1.400       55.PADDI to     R25C23A.A0 Ba_c[6]
CTOF_DEL    ---     0.452     R25C23A.A0 to     R25C23A.F0 SLICE_7
ROUTE         1     3.965     R25C23A.F0 to      113.PADDO Ya_c[6]
DOPAD_DEL   ---     3.448      113.PADDO to        113.PAD Ya[6]
                  --------
                   10.637   (49.6% logic, 50.4% route), 3 logic levels.

Report:   12.063ns is the maximum delay for this preference.


================================================================================
Preference: Default net enumeration
            24 items scored, 0 timing errors detected.
--------------------------------------------------------------------------------

Report:    4.407ns maximum delay on Ya_c[2]

           Delays             Connection(s)
           4.407ns       R25C16A.F0 to 109.PADDO       

Report:    4.407ns maximum delay on Ya_c[4]

           Delays             Connection(s)
           4.407ns       R25C18B.F0 to 111.PADDO       

Report:    4.057ns maximum delay on Ya_c[3]

           Delays             Connection(s)
           4.057ns       R25C16D.F0 to 110.PADDO       

Report:    4.057ns maximum delay on Ya_c[5]

           Delays             Connection(s)
           4.057ns       R25C18D.F0 to 112.PADDO       

Report:    3.965ns maximum delay on Ya_c[6]

           Delays             Connection(s)
           3.965ns       R25C23A.F0 to 113.PADDO       

Report:    3.615ns maximum delay on Ya_c[7]

           Delays             Connection(s)
           3.615ns       R25C23C.F0 to 114.PADDO       

Report:    2.621ns maximum delay on Aa_c[3]

           Delays             Connection(s)
           2.621ns         41.PADDI to R25C16D.A0      

Report:    2.550ns maximum delay on Aa_c[5]

           Delays             Connection(s)
           2.550ns         43.PADDI to R25C18D.B0      

Report:    2.519ns maximum delay on Ba_c[1]

           Delays             Connection(s)
           2.519ns         48.PADDI to R25C4B.A0       

Report:    2.387ns maximum delay on Aa_c[7]

           Delays             Connection(s)
           2.387ns         45.PADDI to R25C23C.C0      

Report:    4.407ns is the maximum delay for this preference.

Report Summary
--------------
----------------------------------------------------------------------------
Preference                              |   Constraint|       Actual|Levels
----------------------------------------------------------------------------
                                        |             |             |
Default path enumeration                |     0.000 ns|    12.063 ns|   0  
                                        |             |             |
Default net enumeration                 |     0.000 ns|     4.407 ns|   0  
                                        |             |             |
----------------------------------------------------------------------------


All preferences were met.


Clock Domains Analysis
------------------------

Found 0 clocks:


Timing summary (Setup):
---------------

Timing errors: 0  Score: 0
Cumulative negative slack: 0

Constraints cover 16 paths, 24 nets, and 24 connections (100.00% coverage)

--------------------------------------------------------------------------------

