
Copyright (C) 1994-2020 Synopsys, Inc.
This Synopsys software and all associated documentation are proprietary to Synopsys, Inc.
and may only be used pursuant to the terms and conditions of a written license agreement
with Synopsys, Inc. All other use, reproduction, modification, or distribution of the
Synopsys software or the associated documentation is strictly prohibited.
Tool: Synplify Pro (R)
Build: Q-2020.03L-SP1
Install: C:\lscc\diamond\3.12\synpbase
OS: Windows 6.2

Hostname: DESKTOP-VTJO39V

Implementation : pipeline0
Synopsys HDL compiler and linker, Version comp202003synp2, Build 182R, Built Oct 29 2020 10:49:53, @

Modified Files: 1
FID:  path (prevtimestamp, timestamp)
8        C:\Users\migue\OneDrive\Documentos\ADC\03-3CM12-3erParcial\01-Practicas\06-pipeline02\pc00.vhdl (2022-06-16 11:05:31, 2022-06-16 12:49:22)

*******************************************************************
Modules that may have changed as a result of file changes: 0
MID:  lib.cell.view

*******************************************************************
Unmodified files: 26
FID:  path (timestamp)
0        C:\Users\migue\OneDrive\Documentos\ADC\03-3CM12-3erParcial\01-Practicas\06-pipeline02\co00.vhdl (2022-06-16 11:17:31)
1        C:\Users\migue\OneDrive\Documentos\ADC\03-3CM12-3erParcial\01-Practicas\06-pipeline02\di00.vhdl (2022-06-16 11:11:34)
2        C:\Users\migue\OneDrive\Documentos\ADC\03-3CM12-3erParcial\01-Practicas\06-pipeline02\eo00.vhdl (2022-06-16 11:18:08)
3        C:\Users\migue\OneDrive\Documentos\ADC\03-3CM12-3erParcial\01-Practicas\06-pipeline02\fi00.vhdl (2022-06-16 11:10:46)
4        C:\Users\migue\OneDrive\Documentos\ADC\03-3CM12-3erParcial\01-Practicas\06-pipeline02\fo00.vhdl (2022-06-16 11:17:39)
5        C:\Users\migue\OneDrive\Documentos\ADC\03-3CM12-3erParcial\01-Practicas\06-pipeline02\fsmpipe02.vhdl (2022-06-16 11:21:08)
6        C:\Users\migue\OneDrive\Documentos\ADC\03-3CM12-3erParcial\01-Practicas\06-pipeline02\memEBR00.vhd (2022-06-16 11:53:19)
7        C:\Users\migue\OneDrive\Documentos\ADC\03-3CM12-3erParcial\01-Practicas\06-pipeline02\packagepipeline02.vhdl (2022-06-16 11:21:41)
9        C:\Users\migue\OneDrive\Documentos\ADC\03-3CM12-3erParcial\01-Practicas\06-pipeline02\pipeline02.vhdl (2022-06-16 11:59:03)
10       C:\Users\migue\OneDrive\Documentos\ADC\03-3CM12-3erParcial\01-Practicas\06-pipeline02\pipeline0\source\div00.vhd (2021-11-23 21:14:12)
11       C:\Users\migue\OneDrive\Documentos\ADC\03-3CM12-3erParcial\01-Practicas\06-pipeline02\pipeline0\source\osc00.vhd (2022-03-14 06:49:20)
12       C:\Users\migue\OneDrive\Documentos\ADC\03-3CM12-3erParcial\01-Practicas\06-pipeline02\pipeline0\source\oscint00.vhd (2021-11-23 21:14:12)
13       C:\Users\migue\OneDrive\Documentos\ADC\03-3CM12-3erParcial\01-Practicas\06-pipeline02\pipeline0\source\packageOsc00.vhd (2021-11-23 21:14:12)
14       C:\Users\migue\OneDrive\Documentos\ADC\03-3CM12-3erParcial\01-Practicas\06-pipeline02\wr00.vhdl (2022-06-16 11:32:34)
15       C:\lscc\diamond\3.12\cae_library\synthesis\vhdl\machxo2.vhd (2018-11-15 00:32:12)
16       C:\lscc\diamond\3.12\synpbase\lib\cpld\lattice.vhd (2020-10-29 10:20:44)
17       C:\lscc\diamond\3.12\synpbase\lib\lucent\machxo2.vhd (2020-10-29 10:20:54)
18       C:\lscc\diamond\3.12\synpbase\lib\vhd\arith.vhd (2020-10-29 10:23:10)
19       C:\lscc\diamond\3.12\synpbase\lib\vhd\hyperents.vhd (2020-10-29 10:23:10)
20       C:\lscc\diamond\3.12\synpbase\lib\vhd\location.map (2020-11-02 17:26:20)
21       C:\lscc\diamond\3.12\synpbase\lib\vhd\numeric.vhd (2020-10-29 10:23:10)
22       C:\lscc\diamond\3.12\synpbase\lib\vhd\snps_haps_pkg.vhd (2020-10-29 10:23:10)
23       C:\lscc\diamond\3.12\synpbase\lib\vhd\std.vhd (2020-10-29 10:23:10)
24       C:\lscc\diamond\3.12\synpbase\lib\vhd\std1164.vhd (2020-10-29 10:23:10)
25       C:\lscc\diamond\3.12\synpbase\lib\vhd\umr_capim.vhd (2020-10-29 10:23:10)
26       C:\lscc\diamond\3.12\synpbase\lib\vhd\unsigned.vhd (2020-10-29 10:23:10)

*******************************************************************
Unchanged modules: 0
MID:  lib.cell.view
